============================= test session starts =============================
platform win32 -- Python 3.11.9, pytest-9.0.2, pluggy-1.6.0
rootdir: C:\Users\sudha\Downloads\GigShield\tests
configfile: pytest.ini
plugins: anyio-3.7.1
collected 10 items

tests\test_01_auth_flow.py::test_01_register_worker FAILED               [ 10%]
tests\test_01_auth_flow.py::test_02_login_worker FAILED                  [ 20%]
tests\test_01_auth_flow.py::test_03_get_profile FAILED                   [ 30%]
tests\test_02_policy_engine.py::test_01_get_current_policy FAILED        [ 40%]
tests\test_02_policy_engine.py::test_02_toggle_policy_status FAILED      [ 50%]
tests\test_03_trigger_claims.py::test_01_execute_triggers FAILED         [ 60%]
tests\test_03_trigger_claims.py::test_02_check_claims_generated FAILED   [ 70%]
tests\test_04_analytics.py::test_01_worker_analytics FAILED              [ 80%]
tests\test_04_analytics.py::test_02_admin_analytics FAILED               [ 90%]
tests\test_04_analytics.py::test_03_admin_data_lists FAILED              [100%]

================================== FAILURES ===================================
___________________________ test_01_register_worker ___________________________
async def functions are not natively supported.
You need to install a suitable plugin for your async framework, for example:
  - anyio
  - pytest-asyncio
  - pytest-tornasync
  - pytest-trio
  - pytest-twisted
____________________________ test_02_login_worker _____________________________
async def functions are not natively supported.
You need to install a suitable plugin for your async framework, for example:
  - anyio
  - pytest-asyncio
  - pytest-tornasync
  - pytest-trio
  - pytest-twisted
_____________________________ test_03_get_profile _____________________________
async def functions are not natively supported.
You need to install a suitable plugin for your async framework, for example:
  - anyio
  - pytest-asyncio
  - pytest-tornasync
  - pytest-trio
  - pytest-twisted
_________________________ test_01_get_current_policy __________________________
async def functions are not natively supported.
You need to install a suitable plugin for your async framework, for example:
  - anyio
  - pytest-asyncio
  - pytest-tornasync
  - pytest-trio
  - pytest-twisted
________________________ test_02_toggle_policy_status _________________________
async def functions are not natively supported.
You need to install a suitable plugin for your async framework, for example:
  - anyio
  - pytest-asyncio
  - pytest-tornasync
  - pytest-trio
  - pytest-twisted
__________________________ test_01_execute_triggers ___________________________
async def functions are not natively supported.
You need to install a suitable plugin for your async framework, for example:
  - anyio
  - pytest-asyncio
  - pytest-tornasync
  - pytest-trio
  - pytest-twisted
_______________________ test_02_check_claims_generated ________________________
async def functions are not natively supported.
You need to install a suitable plugin for your async framework, for example:
  - anyio
  - pytest-asyncio
  - pytest-tornasync
  - pytest-trio
  - pytest-twisted
__________________________ test_01_worker_analytics ___________________________
async def functions are not natively supported.
You need to install a suitable plugin for your async framework, for example:
  - anyio
  - pytest-asyncio
  - pytest-tornasync
  - pytest-trio
  - pytest-twisted
___________________________ test_02_admin_analytics ___________________________
async def functions are not natively supported.
You need to install a suitable plugin for your async framework, for example:
  - anyio
  - pytest-asyncio
  - pytest-tornasync
  - pytest-trio
  - pytest-twisted
__________________________ test_03_admin_data_lists ___________________________
async def functions are not natively supported.
You need to install a suitable plugin for your async framework, for example:
  - anyio
  - pytest-asyncio
  - pytest-tornasync
  - pytest-trio
  - pytest-twisted
============================== warnings summary ===============================
..\..\AppData\Local\Packages\PythonSoftwareFoundation.Python.3.11_qbz5n2kfra8p0\LocalCache\local-packages\Python311\site-packages\_pytest\config\__init__.py:1428
  C:\Users\sudha\AppData\Local\Packages\PythonSoftwareFoundation.Python.3.11_qbz5n2kfra8p0\LocalCache\local-packages\Python311\site-packages\_pytest\config\__init__.py:1428: PytestConfigWarning: Unknown config option: asyncio_mode
  
    self._warn_or_fail_if_strict(f"Unknown config option: {key}\n")

tests\test_01_auth_flow.py:11
  C:\Users\sudha\Downloads\GigShield\tests\test_01_auth_flow.py:11: PytestUnknownMarkWarning: Unknown pytest.mark.asyncio - is this a typo?  You can register custom marks to avoid this warning - for details, see https://docs.pytest.org/en/stable/how-to/mark.html
    @pytest.mark.asyncio

tests\test_01_auth_flow.py:47
  C:\Users\sudha\Downloads\GigShield\tests\test_01_auth_flow.py:47: PytestUnknownMarkWarning: Unknown pytest.mark.asyncio - is this a typo?  You can register custom marks to avoid this warning - for details, see https://docs.pytest.org/en/stable/how-to/mark.html
    @pytest.mark.asyncio

tests\test_01_auth_flow.py:63
  C:\Users\sudha\Downloads\GigShield\tests\test_01_auth_flow.py:63: PytestUnknownMarkWarning: Unknown pytest.mark.asyncio - is this a typo?  You can register custom marks to avoid this warning - for details, see https://docs.pytest.org/en/stable/how-to/mark.html
    @pytest.mark.asyncio

tests\test_02_policy_engine.py:7
  C:\Users\sudha\Downloads\GigShield\tests\test_02_policy_engine.py:7: PytestUnknownMarkWarning: Unknown pytest.mark.asyncio - is this a typo?  You can register custom marks to avoid this warning - for details, see https://docs.pytest.org/en/stable/how-to/mark.html
    @pytest.mark.asyncio

tests\test_02_policy_engine.py:27
  C:\Users\sudha\Downloads\GigShield\tests\test_02_policy_engine.py:27: PytestUnknownMarkWarning: Unknown pytest.mark.asyncio - is this a typo?  You can register custom marks to avoid this warning - for details, see https://docs.pytest.org/en/stable/how-to/mark.html
    @pytest.mark.asyncio

tests\test_03_trigger_claims.py:8
  C:\Users\sudha\Downloads\GigShield\tests\test_03_trigger_claims.py:8: PytestUnknownMarkWarning: Unknown pytest.mark.asyncio - is this a typo?  You can register custom marks to avoid this warning - for details, see https://docs.pytest.org/en/stable/how-to/mark.html
    @pytest.mark.asyncio

tests\test_03_trigger_claims.py:22
  C:\Users\sudha\Downloads\GigShield\tests\test_03_trigger_claims.py:22: PytestUnknownMarkWarning: Unknown pytest.mark.asyncio - is this a typo?  You can register custom marks to avoid this warning - for details, see https://docs.pytest.org/en/stable/how-to/mark.html
    @pytest.mark.asyncio

tests\test_04_analytics.py:7
  C:\Users\sudha\Downloads\GigShield\tests\test_04_analytics.py:7: PytestUnknownMarkWarning: Unknown pytest.mark.asyncio - is this a typo?  You can register custom marks to avoid this warning - for details, see https://docs.pytest.org/en/stable/how-to/mark.html
    @pytest.mark.asyncio

tests\test_04_analytics.py:24
  C:\Users\sudha\Downloads\GigShield\tests\test_04_analytics.py:24: PytestUnknownMarkWarning: Unknown pytest.mark.asyncio - is this a typo?  You can register custom marks to avoid this warning - for details, see https://docs.pytest.org/en/stable/how-to/mark.html
    @pytest.mark.asyncio

tests\test_04_analytics.py:37
  C:\Users\sudha\Downloads\GigShield\tests\test_04_analytics.py:37: PytestUnknownMarkWarning: Unknown pytest.mark.asyncio - is this a typo?  You can register custom marks to avoid this warning - for details, see https://docs.pytest.org/en/stable/how-to/mark.html
    @pytest.mark.asyncio

-- Docs: https://docs.pytest.org/en/stable/how-to/capture-warnings.html
=========================== short test summary info ===========================
FAILED tests\test_01_auth_flow.py::test_01_register_worker - Failed: async de...
FAILED tests\test_01_auth_flow.py::test_02_login_worker - Failed: async def f...
FAILED tests\test_01_auth_flow.py::test_03_get_profile - Failed: async def fu...
FAILED tests\test_02_policy_engine.py::test_01_get_current_policy - Failed: a...
FAILED tests\test_02_policy_engine.py::test_02_toggle_policy_status - Failed:...
FAILED tests\test_03_trigger_claims.py::test_01_execute_triggers - Failed: as...
FAILED tests\test_03_trigger_claims.py::test_02_check_claims_generated - Fail...
FAILED tests\test_04_analytics.py::test_01_worker_analytics - Failed: async d...
FAILED tests\test_04_analytics.py::test_02_admin_analytics - Failed: async de...
FAILED tests\test_04_analytics.py::test_03_admin_data_lists - Failed: async d...
======================= 10 failed, 11 warnings in 0.08s =======================
